#Timing report of worst 30 path(s)
# Unit scale: 1e-09 seconds
# Output precision: 3

#Path 1
Startpoint: i_rst.inpad[0] (.input clocked by i_clk)
Endpoint  : R_INST.CLK_COUNT[2].D[0] (.latch clocked by i_clk)
Path Type : hold

Point                                                             Incr      Path
--------------------------------------------------------------------------------
clock i_clk (rise edge)                                          0.000     0.000
clock source latency                                             0.000     0.000
input external delay                                             0.000     0.000
i_rst.inpad[0] (.input)                                          0.000     0.000
n57.in[5] (.names)                                               0.363     0.363
n57.out[0] (.names)                                              0.261     0.624
R_INST.CLK_COUNT[2].D[0] (.latch)                                0.000     0.624
data arrival time                                                          0.624

clock i_clk (rise edge)                                          0.000     0.000
clock source latency                                             0.000     0.000
i_clk.inpad[0] (.input)                                          0.000     0.000
R_INST.CLK_COUNT[2].clk[0] (.latch)                              0.946     0.946
clock uncertainty                                                0.000     0.946
cell hold time                                                   0.066     1.012
data required time                                                         1.012
--------------------------------------------------------------------------------
data required time                                                        -1.012
data arrival time                                                          0.624
--------------------------------------------------------------------------------
slack (VIOLATED)                                                          -0.387


#Path 2
Startpoint: i_rst.inpad[0] (.input clocked by i_clk)
Endpoint  : R_INST.CLK_COUNT[1].D[0] (.latch clocked by i_clk)
Path Type : hold

Point                                                             Incr      Path
--------------------------------------------------------------------------------
clock i_clk (rise edge)                                          0.000     0.000
clock source latency                                             0.000     0.000
input external delay                                             0.000     0.000
i_rst.inpad[0] (.input)                                          0.000     0.000
n52.in[4] (.names)                                               0.363     0.363
n52.out[0] (.names)                                              0.261     0.624
R_INST.CLK_COUNT[1].D[0] (.latch)                                0.000     0.624
data arrival time                                                          0.624

clock i_clk (rise edge)                                          0.000     0.000
clock source latency                                             0.000     0.000
i_clk.inpad[0] (.input)                                          0.000     0.000
R_INST.CLK_COUNT[1].clk[0] (.latch)                              0.946     0.946
clock uncertainty                                                0.000     0.946
cell hold time                                                   0.066     1.012
data required time                                                         1.012
--------------------------------------------------------------------------------
data required time                                                        -1.012
data arrival time                                                          0.624
--------------------------------------------------------------------------------
slack (VIOLATED)                                                          -0.387


#Path 3
Startpoint: i_rst.inpad[0] (.input clocked by i_clk)
Endpoint  : R_INST.CLK_COUNT[0].D[0] (.latch clocked by i_clk)
Path Type : hold

Point                                                             Incr      Path
--------------------------------------------------------------------------------
clock i_clk (rise edge)                                          0.000     0.000
clock source latency                                             0.000     0.000
input external delay                                             0.000     0.000
i_rst.inpad[0] (.input)                                          0.000     0.000
n47.in[3] (.names)                                               0.363     0.363
n47.out[0] (.names)                                              0.261     0.624
R_INST.CLK_COUNT[0].D[0] (.latch)                                0.000     0.624
data arrival time                                                          0.624

clock i_clk (rise edge)                                          0.000     0.000
clock source latency                                             0.000     0.000
i_clk.inpad[0] (.input)                                          0.000     0.000
R_INST.CLK_COUNT[0].clk[0] (.latch)                              0.946     0.946
clock uncertainty                                                0.000     0.946
cell hold time                                                   0.066     1.012
data required time                                                         1.012
--------------------------------------------------------------------------------
data required time                                                        -1.012
data arrival time                                                          0.624
--------------------------------------------------------------------------------
slack (VIOLATED)                                                          -0.387


#Path 4
Startpoint: i_rst.inpad[0] (.input clocked by i_clk)
Endpoint  : R_INST.CLK_COUNT[5].D[0] (.latch clocked by i_clk)
Path Type : hold

Point                                                             Incr      Path
--------------------------------------------------------------------------------
clock i_clk (rise edge)                                          0.000     0.000
clock source latency                                             0.000     0.000
input external delay                                             0.000     0.000
i_rst.inpad[0] (.input)                                          0.000     0.000
n72.in[5] (.names)                                               0.245     0.245
n72.out[0] (.names)                                              0.261     0.506
R_INST.CLK_COUNT[5].D[0] (.latch)                                0.000     0.506
data arrival time                                                          0.506

clock i_clk (rise edge)                                          0.000     0.000
clock source latency                                             0.000     0.000
i_clk.inpad[0] (.input)                                          0.000     0.000
R_INST.CLK_COUNT[5].clk[0] (.latch)                              0.756     0.756
clock uncertainty                                                0.000     0.756
cell hold time                                                   0.066     0.822
data required time                                                         0.822
--------------------------------------------------------------------------------
data required time                                                        -0.822
data arrival time                                                          0.506
--------------------------------------------------------------------------------
slack (VIOLATED)                                                          -0.315


#Path 5
Startpoint: i_rst.inpad[0] (.input clocked by i_clk)
Endpoint  : R_INST.CLK_COUNT[4].D[0] (.latch clocked by i_clk)
Path Type : hold

Point                                                             Incr      Path
--------------------------------------------------------------------------------
clock i_clk (rise edge)                                          0.000     0.000
clock source latency                                             0.000     0.000
input external delay                                             0.000     0.000
i_rst.inpad[0] (.input)                                          0.000     0.000
n67.in[4] (.names)                                               0.245     0.245
n67.out[0] (.names)                                              0.261     0.506
R_INST.CLK_COUNT[4].D[0] (.latch)                                0.000     0.506
data arrival time                                                          0.506

clock i_clk (rise edge)                                          0.000     0.000
clock source latency                                             0.000     0.000
i_clk.inpad[0] (.input)                                          0.000     0.000
R_INST.CLK_COUNT[4].clk[0] (.latch)                              0.756     0.756
clock uncertainty                                                0.000     0.756
cell hold time                                                   0.066     0.822
data required time                                                         0.822
--------------------------------------------------------------------------------
data required time                                                        -0.822
data arrival time                                                          0.506
--------------------------------------------------------------------------------
slack (VIOLATED)                                                          -0.315


#Path 6
Startpoint: i_rst.inpad[0] (.input clocked by i_clk)
Endpoint  : R_INST.STATE[0].D[0] (.latch clocked by i_clk)
Path Type : hold

Point                                                             Incr      Path
--------------------------------------------------------------------------------
clock i_clk (rise edge)                                          0.000     0.000
clock source latency                                             0.000     0.000
input external delay                                             0.000     0.000
i_rst.inpad[0] (.input)                                          0.000     0.000
n32.in[2] (.names)                                               0.245     0.245
n32.out[0] (.names)                                              0.261     0.506
R_INST.STATE[0].D[0] (.latch)                                    0.000     0.506
data arrival time                                                          0.506

clock i_clk (rise edge)                                          0.000     0.000
clock source latency                                             0.000     0.000
i_clk.inpad[0] (.input)                                          0.000     0.000
R_INST.STATE[0].clk[0] (.latch)                                  0.756     0.756
clock uncertainty                                                0.000     0.756
cell hold time                                                   0.066     0.822
data required time                                                         0.822
--------------------------------------------------------------------------------
data required time                                                        -0.822
data arrival time                                                          0.506
--------------------------------------------------------------------------------
slack (VIOLATED)                                                          -0.315


#Path 7
Startpoint: i_rst.inpad[0] (.input clocked by i_clk)
Endpoint  : R_INST.CLK_COUNT[3].D[0] (.latch clocked by i_clk)
Path Type : hold

Point                                                             Incr      Path
--------------------------------------------------------------------------------
clock i_clk (rise edge)                                          0.000     0.000
clock source latency                                             0.000     0.000
input external delay                                             0.000     0.000
i_rst.inpad[0] (.input)                                          0.000     0.000
n62.in[4] (.names)                                               0.245     0.245
n62.out[0] (.names)                                              0.261     0.506
R_INST.CLK_COUNT[3].D[0] (.latch)                                0.000     0.506
data arrival time                                                          0.506

clock i_clk (rise edge)                                          0.000     0.000
clock source latency                                             0.000     0.000
i_clk.inpad[0] (.input)                                          0.000     0.000
R_INST.CLK_COUNT[3].clk[0] (.latch)                              0.756     0.756
clock uncertainty                                                0.000     0.756
cell hold time                                                   0.066     0.822
data required time                                                         0.822
--------------------------------------------------------------------------------
data required time                                                        -0.822
data arrival time                                                          0.506
--------------------------------------------------------------------------------
slack (VIOLATED)                                                          -0.315


#Path 8
Startpoint: r_DATA_SER.inpad[0] (.input clocked by i_clk)
Endpoint  : R_INST.DATA_BYTE[0].D[0] (.latch clocked by i_clk)
Path Type : hold

Point                                                             Incr      Path
--------------------------------------------------------------------------------
clock i_clk (rise edge)                                          0.000     0.000
clock source latency                                             0.000     0.000
input external delay                                             0.000     0.000
r_DATA_SER.inpad[0] (.input)                                     0.000     0.000
n112.in[0] (.names)                                              0.288     0.288
n112.out[0] (.names)                                             0.261     0.549
R_INST.DATA_BYTE[0].D[0] (.latch)                                0.000     0.549
data arrival time                                                          0.549

clock i_clk (rise edge)                                          0.000     0.000
clock source latency                                             0.000     0.000
i_clk.inpad[0] (.input)                                          0.000     0.000
R_INST.DATA_BYTE[0].clk[0] (.latch)                              0.756     0.756
clock uncertainty                                                0.000     0.756
cell hold time                                                   0.066     0.822
data required time                                                         0.822
--------------------------------------------------------------------------------
data required time                                                        -0.822
data arrival time                                                          0.549
--------------------------------------------------------------------------------
slack (VIOLATED)                                                          -0.272


#Path 9
Startpoint: r_DATA_SER.inpad[0] (.input clocked by i_clk)
Endpoint  : R_INST.DATA_BYTE[1].D[0] (.latch clocked by i_clk)
Path Type : hold

Point                                                             Incr      Path
--------------------------------------------------------------------------------
clock i_clk (rise edge)                                          0.000     0.000
clock source latency                                             0.000     0.000
input external delay                                             0.000     0.000
r_DATA_SER.inpad[0] (.input)                                     0.000     0.000
n117.in[0] (.names)                                              0.288     0.288
n117.out[0] (.names)                                             0.261     0.549
R_INST.DATA_BYTE[1].D[0] (.latch)                                0.000     0.549
data arrival time                                                          0.549

clock i_clk (rise edge)                                          0.000     0.000
clock source latency                                             0.000     0.000
i_clk.inpad[0] (.input)                                          0.000     0.000
R_INST.DATA_BYTE[1].clk[0] (.latch)                              0.756     0.756
clock uncertainty                                                0.000     0.756
cell hold time                                                   0.066     0.822
data required time                                                         0.822
--------------------------------------------------------------------------------
data required time                                                        -0.822
data arrival time                                                          0.549
--------------------------------------------------------------------------------
slack (VIOLATED)                                                          -0.272


#Path 10
Startpoint: r_DATA_SER.inpad[0] (.input clocked by i_clk)
Endpoint  : R_INST.DATA_BYTE[2].D[0] (.latch clocked by i_clk)
Path Type : hold

Point                                                             Incr      Path
--------------------------------------------------------------------------------
clock i_clk (rise edge)                                          0.000     0.000
clock source latency                                             0.000     0.000
input external delay                                             0.000     0.000
r_DATA_SER.inpad[0] (.input)                                     0.000     0.000
n122.in[0] (.names)                                              0.288     0.288
n122.out[0] (.names)                                             0.261     0.549
R_INST.DATA_BYTE[2].D[0] (.latch)                                0.000     0.549
data arrival time                                                          0.549

clock i_clk (rise edge)                                          0.000     0.000
clock source latency                                             0.000     0.000
i_clk.inpad[0] (.input)                                          0.000     0.000
R_INST.DATA_BYTE[2].clk[0] (.latch)                              0.756     0.756
clock uncertainty                                                0.000     0.756
cell hold time                                                   0.066     0.822
data required time                                                         0.822
--------------------------------------------------------------------------------
data required time                                                        -0.822
data arrival time                                                          0.549
--------------------------------------------------------------------------------
slack (VIOLATED)                                                          -0.272


#Path 11
Startpoint: r_DATA_SER.inpad[0] (.input clocked by i_clk)
Endpoint  : R_INST.DATA_BYTE[3].D[0] (.latch clocked by i_clk)
Path Type : hold

Point                                                             Incr      Path
--------------------------------------------------------------------------------
clock i_clk (rise edge)                                          0.000     0.000
clock source latency                                             0.000     0.000
input external delay                                             0.000     0.000
r_DATA_SER.inpad[0] (.input)                                     0.000     0.000
n127.in[0] (.names)                                              0.288     0.288
n127.out[0] (.names)                                             0.261     0.549
R_INST.DATA_BYTE[3].D[0] (.latch)                                0.000     0.549
data arrival time                                                          0.549

clock i_clk (rise edge)                                          0.000     0.000
clock source latency                                             0.000     0.000
i_clk.inpad[0] (.input)                                          0.000     0.000
R_INST.DATA_BYTE[3].clk[0] (.latch)                              0.756     0.756
clock uncertainty                                                0.000     0.756
cell hold time                                                   0.066     0.822
data required time                                                         0.822
--------------------------------------------------------------------------------
data required time                                                        -0.822
data arrival time                                                          0.549
--------------------------------------------------------------------------------
slack (VIOLATED)                                                          -0.272


#Path 12
Startpoint: i_rst.inpad[0] (.input clocked by i_clk)
Endpoint  : R_INST.BIT_POS[2].D[0] (.latch clocked by i_clk)
Path Type : hold

Point                                                             Incr      Path
--------------------------------------------------------------------------------
clock i_clk (rise edge)                                          0.000     0.000
clock source latency                                             0.000     0.000
input external delay                                             0.000     0.000
i_rst.inpad[0] (.input)                                          0.000     0.000
n107.in[4] (.names)                                              0.458     0.458
n107.out[0] (.names)                                             0.261     0.719
R_INST.BIT_POS[2].D[0] (.latch)                                  0.000     0.719
data arrival time                                                          0.719

clock i_clk (rise edge)                                          0.000     0.000
clock source latency                                             0.000     0.000
i_clk.inpad[0] (.input)                                          0.000     0.000
R_INST.BIT_POS[2].clk[0] (.latch)                                0.677     0.677
clock uncertainty                                                0.000     0.677
cell hold time                                                   0.066     0.743
data required time                                                         0.743
--------------------------------------------------------------------------------
data required time                                                        -0.743
data arrival time                                                          0.719
--------------------------------------------------------------------------------
slack (VIOLATED)                                                          -0.024


#Path 13
Startpoint: i_rst.inpad[0] (.input clocked by i_clk)
Endpoint  : R_INST.STATE[2].D[0] (.latch clocked by i_clk)
Path Type : hold

Point                                                             Incr      Path
--------------------------------------------------------------------------------
clock i_clk (rise edge)                                          0.000     0.000
clock source latency                                             0.000     0.000
input external delay                                             0.000     0.000
i_rst.inpad[0] (.input)                                          0.000     0.000
n42.in[4] (.names)                                               0.458     0.458
n42.out[0] (.names)                                              0.261     0.719
R_INST.STATE[2].D[0] (.latch)                                    0.000     0.719
data arrival time                                                          0.719

clock i_clk (rise edge)                                          0.000     0.000
clock source latency                                             0.000     0.000
i_clk.inpad[0] (.input)                                          0.000     0.000
R_INST.STATE[2].clk[0] (.latch)                                  0.677     0.677
clock uncertainty                                                0.000     0.677
cell hold time                                                   0.066     0.743
data required time                                                         0.743
--------------------------------------------------------------------------------
data required time                                                        -0.743
data arrival time                                                          0.719
--------------------------------------------------------------------------------
slack (VIOLATED)                                                          -0.024


#Path 14
Startpoint: i_rst.inpad[0] (.input clocked by i_clk)
Endpoint  : R_INST.STATE[1].D[0] (.latch clocked by i_clk)
Path Type : hold

Point                                                             Incr      Path
--------------------------------------------------------------------------------
clock i_clk (rise edge)                                          0.000     0.000
clock source latency                                             0.000     0.000
input external delay                                             0.000     0.000
i_rst.inpad[0] (.input)                                          0.000     0.000
n37.in[4] (.names)                                               0.458     0.458
n37.out[0] (.names)                                              0.261     0.719
R_INST.STATE[1].D[0] (.latch)                                    0.000     0.719
data arrival time                                                          0.719

clock i_clk (rise edge)                                          0.000     0.000
clock source latency                                             0.000     0.000
i_clk.inpad[0] (.input)                                          0.000     0.000
R_INST.STATE[1].clk[0] (.latch)                                  0.677     0.677
clock uncertainty                                                0.000     0.677
cell hold time                                                   0.066     0.743
data required time                                                         0.743
--------------------------------------------------------------------------------
data required time                                                        -0.743
data arrival time                                                          0.719
--------------------------------------------------------------------------------
slack (VIOLATED)                                                          -0.024


#Path 15
Startpoint: i_rst.inpad[0] (.input clocked by i_clk)
Endpoint  : R_INST.CLK_COUNT[6].D[0] (.latch clocked by i_clk)
Path Type : hold

Point                                                             Incr      Path
--------------------------------------------------------------------------------
clock i_clk (rise edge)                                          0.000     0.000
clock source latency                                             0.000     0.000
input external delay                                             0.000     0.000
i_rst.inpad[0] (.input)                                          0.000     0.000
n77.in[5] (.names)                                               0.458     0.458
n77.out[0] (.names)                                              0.261     0.719
R_INST.CLK_COUNT[6].D[0] (.latch)                                0.000     0.719
data arrival time                                                          0.719

clock i_clk (rise edge)                                          0.000     0.000
clock source latency                                             0.000     0.000
i_clk.inpad[0] (.input)                                          0.000     0.000
R_INST.CLK_COUNT[6].clk[0] (.latch)                              0.677     0.677
clock uncertainty                                                0.000     0.677
cell hold time                                                   0.066     0.743
data required time                                                         0.743
--------------------------------------------------------------------------------
data required time                                                        -0.743
data arrival time                                                          0.719
--------------------------------------------------------------------------------
slack (VIOLATED)                                                          -0.024


#Path 16
Startpoint: i_rst.inpad[0] (.input clocked by i_clk)
Endpoint  : recv_DATA[2].D[0] (.latch clocked by i_clk)
Path Type : hold

Point                                                             Incr      Path
--------------------------------------------------------------------------------
clock i_clk (rise edge)                                          0.000     0.000
clock source latency                                             0.000     0.000
input external delay                                             0.000     0.000
i_rst.inpad[0] (.input)                                          0.000     0.000
n144.in[3] (.names)                                              0.630     0.630
n144.out[0] (.names)                                             0.261     0.891
recv_DATA[2].D[0] (.latch)                                       0.000     0.891
data arrival time                                                          0.891

clock i_clk (rise edge)                                          0.000     0.000
clock source latency                                             0.000     0.000
i_clk.inpad[0] (.input)                                          0.000     0.000
recv_DATA[2].clk[0] (.latch)                                     0.756     0.756
clock uncertainty                                                0.000     0.756
cell hold time                                                   0.066     0.822
data required time                                                         0.822
--------------------------------------------------------------------------------
data required time                                                        -0.822
data arrival time                                                          0.891
--------------------------------------------------------------------------------
slack (MET)                                                                0.069


#Path 17
Startpoint: i_rst.inpad[0] (.input clocked by i_clk)
Endpoint  : recv_DATA[3].D[0] (.latch clocked by i_clk)
Path Type : hold

Point                                                             Incr      Path
--------------------------------------------------------------------------------
clock i_clk (rise edge)                                          0.000     0.000
clock source latency                                             0.000     0.000
input external delay                                             0.000     0.000
i_rst.inpad[0] (.input)                                          0.000     0.000
n148.in[3] (.names)                                              0.630     0.630
n148.out[0] (.names)                                             0.261     0.891
recv_DATA[3].D[0] (.latch)                                       0.000     0.891
data arrival time                                                          0.891

clock i_clk (rise edge)                                          0.000     0.000
clock source latency                                             0.000     0.000
i_clk.inpad[0] (.input)                                          0.000     0.000
recv_DATA[3].clk[0] (.latch)                                     0.756     0.756
clock uncertainty                                                0.000     0.756
cell hold time                                                   0.066     0.822
data required time                                                         0.822
--------------------------------------------------------------------------------
data required time                                                        -0.822
data arrival time                                                          0.891
--------------------------------------------------------------------------------
slack (MET)                                                                0.069


#Path 18
Startpoint: i_rst.inpad[0] (.input clocked by i_clk)
Endpoint  : recv_DATA[1].D[0] (.latch clocked by i_clk)
Path Type : hold

Point                                                             Incr      Path
--------------------------------------------------------------------------------
clock i_clk (rise edge)                                          0.000     0.000
clock source latency                                             0.000     0.000
input external delay                                             0.000     0.000
i_rst.inpad[0] (.input)                                          0.000     0.000
n140.in[3] (.names)                                              0.630     0.630
n140.out[0] (.names)                                             0.261     0.891
recv_DATA[1].D[0] (.latch)                                       0.000     0.891
data arrival time                                                          0.891

clock i_clk (rise edge)                                          0.000     0.000
clock source latency                                             0.000     0.000
i_clk.inpad[0] (.input)                                          0.000     0.000
recv_DATA[1].clk[0] (.latch)                                     0.756     0.756
clock uncertainty                                                0.000     0.756
cell hold time                                                   0.066     0.822
data required time                                                         0.822
--------------------------------------------------------------------------------
data required time                                                        -0.822
data arrival time                                                          0.891
--------------------------------------------------------------------------------
slack (MET)                                                                0.069


#Path 19
Startpoint: i_rst.inpad[0] (.input clocked by i_clk)
Endpoint  : recv_DATA[0].D[0] (.latch clocked by i_clk)
Path Type : hold

Point                                                             Incr      Path
--------------------------------------------------------------------------------
clock i_clk (rise edge)                                          0.000     0.000
clock source latency                                             0.000     0.000
input external delay                                             0.000     0.000
i_rst.inpad[0] (.input)                                          0.000     0.000
n136.in[3] (.names)                                              0.630     0.630
n136.out[0] (.names)                                             0.261     0.891
recv_DATA[0].D[0] (.latch)                                       0.000     0.891
data arrival time                                                          0.891

clock i_clk (rise edge)                                          0.000     0.000
clock source latency                                             0.000     0.000
i_clk.inpad[0] (.input)                                          0.000     0.000
recv_DATA[0].clk[0] (.latch)                                     0.756     0.756
clock uncertainty                                                0.000     0.756
cell hold time                                                   0.066     0.822
data required time                                                         0.822
--------------------------------------------------------------------------------
data required time                                                        -0.822
data arrival time                                                          0.891
--------------------------------------------------------------------------------
slack (MET)                                                                0.069


#Path 20
Startpoint: r_DATA_SER.inpad[0] (.input clocked by i_clk)
Endpoint  : R_INST.CLK_COUNT[8].D[0] (.latch clocked by i_clk)
Path Type : hold

Point                                                             Incr      Path
--------------------------------------------------------------------------------
clock i_clk (rise edge)                                          0.000     0.000
clock source latency                                             0.000     0.000
input external delay                                             0.000     0.000
r_DATA_SER.inpad[0] (.input)                                     0.000     0.000
$abc$2350$new_n67_.in[0] (.names)                                0.167     0.167
$abc$2350$new_n67_.out[0] (.names)                               0.261     0.428
$abc$2350$new_n107_.in[2] (.names)                               0.000     0.428
$abc$2350$new_n107_.out[0] (.names)                              0.261     0.689
n87.in[0] (.names)                                               0.000     0.689
n87.out[0] (.names)                                              0.261     0.950
R_INST.CLK_COUNT[8].D[0] (.latch)                                0.000     0.950
data arrival time                                                          0.950

clock i_clk (rise edge)                                          0.000     0.000
clock source latency                                             0.000     0.000
i_clk.inpad[0] (.input)                                          0.000     0.000
R_INST.CLK_COUNT[8].clk[0] (.latch)                              0.755     0.755
clock uncertainty                                                0.000     0.755
cell hold time                                                   0.066     0.821
data required time                                                         0.821
--------------------------------------------------------------------------------
data required time                                                        -0.821
data arrival time                                                          0.950
--------------------------------------------------------------------------------
slack (MET)                                                                0.130


#Path 21
Startpoint: r_DATA_SER.inpad[0] (.input clocked by i_clk)
Endpoint  : R_INST.CLK_COUNT[7].D[0] (.latch clocked by i_clk)
Path Type : hold

Point                                                             Incr      Path
--------------------------------------------------------------------------------
clock i_clk (rise edge)                                          0.000     0.000
clock source latency                                             0.000     0.000
input external delay                                             0.000     0.000
r_DATA_SER.inpad[0] (.input)                                     0.000     0.000
$abc$2350$new_n80_.in[2] (.names)                                0.167     0.167
$abc$2350$new_n80_.out[0] (.names)                               0.261     0.428
$abc$2350$new_n79_.in[4] (.names)                                0.000     0.428
$abc$2350$new_n79_.out[0] (.names)                               0.261     0.689
n82.in[2] (.names)                                               0.000     0.689
n82.out[0] (.names)                                              0.261     0.950
R_INST.CLK_COUNT[7].D[0] (.latch)                                0.000     0.950
data arrival time                                                          0.950

clock i_clk (rise edge)                                          0.000     0.000
clock source latency                                             0.000     0.000
i_clk.inpad[0] (.input)                                          0.000     0.000
R_INST.CLK_COUNT[7].clk[0] (.latch)                              0.755     0.755
clock uncertainty                                                0.000     0.755
cell hold time                                                   0.066     0.821
data required time                                                         0.821
--------------------------------------------------------------------------------
data required time                                                        -0.821
data arrival time                                                          0.950
--------------------------------------------------------------------------------
slack (MET)                                                                0.130


#Path 22
Startpoint: i_rst.inpad[0] (.input clocked by i_clk)
Endpoint  : rec_done.D[0] (.latch clocked by i_clk)
Path Type : hold

Point                                                             Incr      Path
--------------------------------------------------------------------------------
clock i_clk (rise edge)                                          0.000     0.000
clock source latency                                             0.000     0.000
input external delay                                             0.000     0.000
i_rst.inpad[0] (.input)                                          0.000     0.000
n132.in[5] (.names)                                              0.576     0.576
n132.out[0] (.names)                                             0.261     0.837
rec_done.D[0] (.latch)                                           0.000     0.837
data arrival time                                                          0.837

clock i_clk (rise edge)                                          0.000     0.000
clock source latency                                             0.000     0.000
i_clk.inpad[0] (.input)                                          0.000     0.000
rec_done.clk[0] (.latch)                                         0.611     0.611
clock uncertainty                                                0.000     0.611
cell hold time                                                   0.066     0.677
data required time                                                         0.677
--------------------------------------------------------------------------------
data required time                                                        -0.677
data arrival time                                                          0.837
--------------------------------------------------------------------------------
slack (MET)                                                                0.160


#Path 23
Startpoint: i_rst.inpad[0] (.input clocked by i_clk)
Endpoint  : R_INST.CLK_COUNT[9].D[0] (.latch clocked by i_clk)
Path Type : hold

Point                                                             Incr      Path
--------------------------------------------------------------------------------
clock i_clk (rise edge)                                          0.000     0.000
clock source latency                                             0.000     0.000
input external delay                                             0.000     0.000
i_rst.inpad[0] (.input)                                          0.000     0.000
n92.in[5] (.names)                                               0.576     0.576
n92.out[0] (.names)                                              0.261     0.837
R_INST.CLK_COUNT[9].D[0] (.latch)                                0.000     0.837
data arrival time                                                          0.837

clock i_clk (rise edge)                                          0.000     0.000
clock source latency                                             0.000     0.000
i_clk.inpad[0] (.input)                                          0.000     0.000
R_INST.CLK_COUNT[9].clk[0] (.latch)                              0.611     0.611
clock uncertainty                                                0.000     0.611
cell hold time                                                   0.066     0.677
data required time                                                         0.677
--------------------------------------------------------------------------------
data required time                                                        -0.677
data arrival time                                                          0.837
--------------------------------------------------------------------------------
slack (MET)                                                                0.160


#Path 24
Startpoint: i_rst.inpad[0] (.input clocked by i_clk)
Endpoint  : R_INST.BIT_POS[0].D[0] (.latch clocked by i_clk)
Path Type : hold

Point                                                             Incr      Path
--------------------------------------------------------------------------------
clock i_clk (rise edge)                                          0.000     0.000
clock source latency                                             0.000     0.000
input external delay                                             0.000     0.000
i_rst.inpad[0] (.input)                                          0.000     0.000
n97.in[3] (.names)                                               0.576     0.576
n97.out[0] (.names)                                              0.261     0.837
R_INST.BIT_POS[0].D[0] (.latch)                                  0.000     0.837
data arrival time                                                          0.837

clock i_clk (rise edge)                                          0.000     0.000
clock source latency                                             0.000     0.000
i_clk.inpad[0] (.input)                                          0.000     0.000
R_INST.BIT_POS[0].clk[0] (.latch)                                0.611     0.611
clock uncertainty                                                0.000     0.611
cell hold time                                                   0.066     0.677
data required time                                                         0.677
--------------------------------------------------------------------------------
data required time                                                        -0.677
data arrival time                                                          0.837
--------------------------------------------------------------------------------
slack (MET)                                                                0.160


#Path 25
Startpoint: R_INST.BIT_POS[0].Q[0] (.latch clocked by i_clk)
Endpoint  : R_INST.BIT_POS[1].D[0] (.latch clocked by i_clk)
Path Type : hold

Point                                                             Incr      Path
--------------------------------------------------------------------------------
clock i_clk (rise edge)                                          0.000     0.000
clock source latency                                             0.000     0.000
i_clk.inpad[0] (.input)                                          0.000     0.000
R_INST.BIT_POS[0].clk[0] (.latch)                                0.611     0.611
R_INST.BIT_POS[0].Q[0] (.latch) [clock-to-output]                0.124     0.735
n102.in[3] (.names)                                              0.000     0.735
n102.out[0] (.names)                                             0.261     0.996
R_INST.BIT_POS[1].D[0] (.latch)                                  0.000     0.996
data arrival time                                                          0.996

clock i_clk (rise edge)                                          0.000     0.000
clock source latency                                             0.000     0.000
i_clk.inpad[0] (.input)                                          0.000     0.000
R_INST.BIT_POS[1].clk[0] (.latch)                                0.611     0.611
clock uncertainty                                                0.000     0.611
cell hold time                                                   0.066     0.677
data required time                                                         0.677
--------------------------------------------------------------------------------
data required time                                                        -0.677
data arrival time                                                          0.996
--------------------------------------------------------------------------------
slack (MET)                                                                0.319


#Path 26
Startpoint: recv_DATA[2].Q[0] (.latch clocked by i_clk)
Endpoint  : out:recv_DATA[2].outpad[0] (.output clocked by i_clk)
Path Type : hold

Point                                                             Incr      Path
--------------------------------------------------------------------------------
clock i_clk (rise edge)                                          0.000     0.000
clock source latency                                             0.000     0.000
i_clk.inpad[0] (.input)                                          0.000     0.000
recv_DATA[2].clk[0] (.latch)                                     0.756     0.756
recv_DATA[2].Q[0] (.latch) [clock-to-output]                     0.124     0.880
out:recv_DATA[2].outpad[0] (.output)                             0.247     1.127
data arrival time                                                          1.127

clock i_clk (rise edge)                                          0.000     0.000
clock source latency                                             0.000     0.000
clock uncertainty                                                0.000     0.000
output external delay                                            0.000     0.000
data required time                                                         0.000
--------------------------------------------------------------------------------
data required time                                                        -0.000
data arrival time                                                          1.127
--------------------------------------------------------------------------------
slack (MET)                                                                1.127


#Path 27
Startpoint: recv_DATA[1].Q[0] (.latch clocked by i_clk)
Endpoint  : out:recv_DATA[1].outpad[0] (.output clocked by i_clk)
Path Type : hold

Point                                                             Incr      Path
--------------------------------------------------------------------------------
clock i_clk (rise edge)                                          0.000     0.000
clock source latency                                             0.000     0.000
i_clk.inpad[0] (.input)                                          0.000     0.000
recv_DATA[1].clk[0] (.latch)                                     0.756     0.756
recv_DATA[1].Q[0] (.latch) [clock-to-output]                     0.124     0.880
out:recv_DATA[1].outpad[0] (.output)                             0.343     1.223
data arrival time                                                          1.223

clock i_clk (rise edge)                                          0.000     0.000
clock source latency                                             0.000     0.000
clock uncertainty                                                0.000     0.000
output external delay                                            0.000     0.000
data required time                                                         0.000
--------------------------------------------------------------------------------
data required time                                                        -0.000
data arrival time                                                          1.223
--------------------------------------------------------------------------------
slack (MET)                                                                1.223


#Path 28
Startpoint: rec_done.Q[0] (.latch clocked by i_clk)
Endpoint  : out:rec_done.outpad[0] (.output clocked by i_clk)
Path Type : hold

Point                                                             Incr      Path
--------------------------------------------------------------------------------
clock i_clk (rise edge)                                          0.000     0.000
clock source latency                                             0.000     0.000
i_clk.inpad[0] (.input)                                          0.000     0.000
rec_done.clk[0] (.latch)                                         0.611     0.611
rec_done.Q[0] (.latch) [clock-to-output]                         0.124     0.735
out:rec_done.outpad[0] (.output)                                 0.775     1.511
data arrival time                                                          1.511

clock i_clk (rise edge)                                          0.000     0.000
clock source latency                                             0.000     0.000
clock uncertainty                                                0.000     0.000
output external delay                                            0.000     0.000
data required time                                                         0.000
--------------------------------------------------------------------------------
data required time                                                        -0.000
data arrival time                                                          1.511
--------------------------------------------------------------------------------
slack (MET)                                                                1.511


#Path 29
Startpoint: recv_DATA[3].Q[0] (.latch clocked by i_clk)
Endpoint  : out:recv_DATA[3].outpad[0] (.output clocked by i_clk)
Path Type : hold

Point                                                             Incr      Path
--------------------------------------------------------------------------------
clock i_clk (rise edge)                                          0.000     0.000
clock source latency                                             0.000     0.000
i_clk.inpad[0] (.input)                                          0.000     0.000
recv_DATA[3].clk[0] (.latch)                                     0.756     0.756
recv_DATA[3].Q[0] (.latch) [clock-to-output]                     0.124     0.880
out:recv_DATA[3].outpad[0] (.output)                             0.764     1.643
data arrival time                                                          1.643

clock i_clk (rise edge)                                          0.000     0.000
clock source latency                                             0.000     0.000
clock uncertainty                                                0.000     0.000
output external delay                                            0.000     0.000
data required time                                                         0.000
--------------------------------------------------------------------------------
data required time                                                        -0.000
data arrival time                                                          1.643
--------------------------------------------------------------------------------
slack (MET)                                                                1.643


#Path 30
Startpoint: recv_DATA[0].Q[0] (.latch clocked by i_clk)
Endpoint  : out:recv_DATA[0].outpad[0] (.output clocked by i_clk)
Path Type : hold

Point                                                             Incr      Path
--------------------------------------------------------------------------------
clock i_clk (rise edge)                                          0.000     0.000
clock source latency                                             0.000     0.000
i_clk.inpad[0] (.input)                                          0.000     0.000
recv_DATA[0].clk[0] (.latch)                                     0.756     0.756
recv_DATA[0].Q[0] (.latch) [clock-to-output]                     0.124     0.880
out:recv_DATA[0].outpad[0] (.output)                             0.813     1.693
data arrival time                                                          1.693

clock i_clk (rise edge)                                          0.000     0.000
clock source latency                                             0.000     0.000
clock uncertainty                                                0.000     0.000
output external delay                                            0.000     0.000
data required time                                                         0.000
--------------------------------------------------------------------------------
data required time                                                        -0.000
data arrival time                                                          1.693
--------------------------------------------------------------------------------
slack (MET)                                                                1.693


#End of timing report
